#OldDev	EqId	Constant	Development constant	Ln(Total commercial sqft in cell)	Ln(Total residential units in cell)	Scaled distance to development (1000-distance)/1000	Distance to development	Transitions of this type, within 600 m, in last 3 years	Transitions to residential, within 600 m, in last 3 years	Transitions to mixed use, within 600 m, in last 3 years	Transitions to commercial, within 600 m, in last 3 years	Transitions to industrial, within 600 m, in last 3 years	Transitions to governmental, within 600 m, in last 3 years	LagDev	Residential units added, within 600 m, in last 3 years	Ln(Residential units added, within 600 m, in last 3 years)	Commercial sqft added, within 600 m, in last 3 years	Ln(Commercial sqft added, within 600 m, in last 3 years)	Percentage of same type cells, within 600 m, before transition	Percentage of residential cells, within 600 m, before transition	Percentage of mixed use cells, within 600 m, before transition	Percentage of commercial cells, within 600 m, before transition	Percentage of industrial cells, within 600 m, before transition	Percentage of governmental cells, within 600 m, before transition	PctDev	Ln(Land value)	Highway within 300 m	Arterial within 300 m	Flood plane	Slope	Stream within 300 m	Within urban growth boundary	Wetland within 300 m	Percent cell covered by water	Percent cell covered by animal sanctuary	Percent cell covered by flood plane	Percent cell covered by wetland	Percent cell covered by slope	Percent cell covered by open space	Percent cell covered by public space	Percent cell covered by roads	Plantype 0	Plantype 1	Plantype 2	Plantype 3	Plantype 4	Plantype 5	Plantype 6	Plantype 7	Plantype 8	Plantype 9	Plantype 10	Plantype 11	Plantype 99	Cost	Revenue	Vacancy	Profit
1	-1	0	0	0	0	0	0	0	0	0	0	0	0	0	0	0	0	0	0	0	0	0	0	0	0	0	0	0	0	0	0	0	0	0	0	0	0	0	0	0	0	0	0	0	0	0	0	0	0	0	0	0	0	0	0	0	0	0	7815	-15207.2878	-6092.225	.59939	.59898
1	1	-6.129 (0.257)XDDX	0	0	0	0	0	0	0	-0.104 (0.0457)XDDX	0	-0.428 (0.147)XDDX	0	0	0	0.155 (0.0842)XDX	0	0.174 (0.0365)XDDX	-0.0268 (0.00359)XDDX	0.0120 (0.00154)XDDX	-0.0203 (0.00684)XDDX	-0.00927 (0.00696)	0	0	0	0	-0.707 (0.123)XDDX	0	0	0	0	0	0	0	-1.397 (0.728)XDX	-2.575 (0.888)XDDX	-2.369 (0.604)XDDX	0	-0.450 (0.298)	-1.215 (0.249)XDDX	2.015 (0.194)XDDX	0	-1.374 (0.473)XDDX	1.381 (0.135)XDDX	0.683 (0.209)XDDX	-0.655 (0.307)XDDX	0	0.789 (0.248)XDDX	1.028 (0.220)XDDX	0	0	0	0	0	0	0	0	0	7815	-15207.2878	-6092.225	.59939	.59898
1	2	-12.933 (1.392)XDDX	0	0	0	7.995 (1.617)XDDX	0	0	0	-0.104 (0.0457)XDDX	0	-0.428 (0.147)XDDX	0	0	0	0.0563 (0.0202)XDDX	0	0.0304 (0.0151)XDDX	-0.0268 (0.00359)XDDX	0.0120 (0.00154)XDDX	-0.0203 (0.00684)XDDX	-0.00927 (0.00696)	0	0	0	0.318 (0.0355)XDDX	-0.707 (0.123)XDDX	0	0	0	0	0	0	0	-1.397 (0.728)XDX	-2.575 (0.888)XDDX	-2.369 (0.604)XDDX	0	-0.450 (0.298)	-1.215 (0.249)XDDX	2.015 (0.194)XDDX	0	-1.374 (0.473)XDDX	1.381 (0.135)XDDX	0.683 (0.209)XDDX	-0.655 (0.307)XDDX	0	0.789 (0.248)XDDX	1.028 (0.220)XDDX	0	0	0	0	0	0	0	0	0	7815	-15207.2878	-6092.225	.59939	.59898
1	3	-16.871 (3.373)XDDX	0	0	0	14.898 (3.970)XDDX	0	0	0	-0.104 (0.0457)XDDX	0	-0.428 (0.147)XDDX	0	0	0	0.163 (0.0374)XDDX	0	0	-0.0268 (0.00359)XDDX	0.0120 (0.00154)XDDX	-0.0203 (0.00684)XDDX	-0.00927 (0.00696)	0	0	0	0	-0.707 (0.123)XDDX	0	0	0	0	0	0	0	-1.397 (0.728)XDX	-2.575 (0.888)XDDX	-2.369 (0.604)XDDX	0	-0.450 (0.298)	-1.215 (0.249)XDDX	2.015 (0.194)XDDX	0	-1.374 (0.473)XDDX	1.381 (0.135)XDDX	0.683 (0.209)XDDX	-0.655 (0.307)XDDX	0	0.789 (0.248)XDDX	1.028 (0.220)XDDX	0	0	0	0	0	0	0	0	0	7815	-15207.2878	-6092.225	.59939	.59898
1	4	-20.296 (6.809)XDDX	0	0	0	16.896 (8.014)XDDX	0	0	0	-0.104 (0.0457)XDDX	0	-0.428 (0.147)XDDX	0	0	0	0.305 (0.0732)XDDX	0	0	-0.0268 (0.00359)XDDX	0.0120 (0.00154)XDDX	-0.0203 (0.00684)XDDX	-0.00927 (0.00696)	0	0	0	0	-0.707 (0.123)XDDX	0	0	0	0	0	0	0	-1.397 (0.728)XDX	-2.575 (0.888)XDDX	-2.369 (0.604)XDDX	0	-0.450 (0.298)	-1.215 (0.249)XDDX	2.015 (0.194)XDDX	0	-1.374 (0.473)XDDX	1.381 (0.135)XDDX	0.683 (0.209)XDDX	-0.655 (0.307)XDDX	0	0.789 (0.248)XDDX	1.028 (0.220)XDDX	0	0	0	0	0	0	0	0	0	7815	-15207.2878	-6092.225	.59939	.59898
1	5	-24.338 (9.550)XDDX	0	0	0	20.967 (11.234)XDX	0	0	0	-0.104 (0.0457)XDDX	0	-0.428 (0.147)XDDX	0	0	0	0.206 (0.107)XDX	0	0	-0.0268 (0.00359)XDDX	0.0120 (0.00154)XDDX	-0.0203 (0.00684)XDDX	-0.00927 (0.00696)	0	0	0	0	-0.707 (0.123)XDDX	0	0	0	0	0	0	0	-1.397 (0.728)XDX	-2.575 (0.888)XDDX	-2.369 (0.604)XDDX	0	-0.450 (0.298)	-1.215 (0.249)XDDX	2.015 (0.194)XDDX	0	-1.374 (0.473)XDDX	1.381 (0.135)XDDX	0.683 (0.209)XDDX	-0.655 (0.307)XDDX	0	0.789 (0.248)XDDX	1.028 (0.220)XDDX	0	0	0	0	0	0	0	0	0	7815	-15207.2878	-6092.225	.59939	.59898
1	9	-21.256 (9.713)XDDX	0	0	0	17.193 (11.253)	0	0	0	0	0	0	0	0	0	0	0	0	-0.0341 (0.0228)	0	0.0312 (0.0194)	0.0274 (0.0206)	0	-0.0622 (0.0302)XDDX	0	0	0	0.821 (0.327)XDDX	0	0	0	0	0	0	-19.510 (17.790)	0	0	2.004 (1.177)XDX	0	0	0	0	0	2.375 (1.026)XDDX	2.927 (1.115)XDDX	2.077 (1.186)XDX	0	0	0	0	0	0	0	0	0	0	0	0	7815	-15207.2878	-6092.225	.59939	.59898
2	-1	0	0	0	0	0	0	0	0	0	0	0	0	0	0	0	0	0	0	0	0	0	0	0	0	0	0	0	0	0	0	0	0	0	0	0	0	0	0	0	0	0	0	0	0	0	0	0	0	0	0	0	0	0	0	0	0	0	17601	-31536.7584	-15491.31	.50879	.50839
2	2	-20.354 (2.303)XDDX	0	0	-0.0978 (0.0473)XDDX	12.619 (2.678)XDDX	0	0.0244 (0.0139)XDX	0	0	0.106 (0.0444)XDDX	-0.279 (0.109)XDDX	0	0	0	0.0549 (0.0175)XDDX	0	0	0.00930 (0.00243)XDDX	-0.0156 (0.00236)XDDX	-0.0126 (0.00574)XDDX	-0.0354 (0.00439)XDDX	-0.0485 (0.0107)XDDX	-0.00769 (0.00276)XDDX	0	0.784 (0.0303)XDDX	-0.425 (0.0951)XDDX	-0.239 (0.0555)XDDX	0	0	0	0	0	-6.592 (2.632)XDDX	-0.952 (0.643)	-1.538 (0.702)XDDX	0	-0.386 (0.263)	-0.759 (0.225)XDDX	-0.878 (0.240)XDDX	0	0	0	0	0	0	0	0	0	0	0	0	0	0	0	0	0	0	17601	-31536.7584	-15491.31	.50879	.50839
2	3	-22.846 (2.315)XDDX	0	0	0.364 (0.0417)XDDX	12.619 (2.678)XDDX	0	0	0	0	0.0885 (0.0480)XDX	-0.279 (0.109)XDDX	0.209 (0.0701)XDDX	0	0	0.0676 (0.0152)XDDX	0	0	0	-0.0117 (0.00191)XDDX	-0.0223 (0.00616)XDDX	-0.0354 (0.00439)XDDX	-0.0226 (0.00883)XDDX	-0.00762 (0.00307)XDDX	0	0.784 (0.0303)XDDX	-0.739 (0.10)XDDX	-0.348 (0.0576)XDDX	0	0	0	0	0	-6.592 (2.632)XDDX	-3.760 (0.855)XDDX	-3.254 (0.988)XDDX	-0.974 (0.726)	-0.892 (0.299)XDDX	-1.814 (0.248)XDDX	-2.139 (0.274)XDDX	0.938 (0.141)XDDX	0	0	0	0	0	0	0	0	0	0	0	0	0	0	0	0	0	17601	-31536.7584	-15491.31	.50879	.50839
2	4	-31.179 (2.645)XDDX	0	0	0.815 (0.133)XDDX	12.619 (2.678)XDDX	0	-0.0555 (0.0372)	0	0	0.288 (0.0884)XDDX	0	0	0	0	0.166 (0.0429)XDDX	0	0	-0.0216 (0.00779)XDDX	-0.0271 (0.00538)XDDX	-0.0454 (0.0168)XDDX	-0.0446 (0.0132)XDDX	0	-0.0206 (0.00867)XDDX	0	1.153 (0.111)XDDX	-1.660 (0.276)XDDX	-0.348 (0.0576)XDDX	0	0	0	0	0	0	-14.148 (5.252)XDDX	-17.175 (9.278)XDX	0	0	-3.161 (0.688)XDDX	-5.780 (1.169)XDDX	2.972 (0.364)XDDX	0	0	0	0	0	0	0	0	0	0	0	0	0	0	0	0	0	17601	-31536.7584	-15491.31	.50879	.50839
2	5	-31.197 (2.758)XDDX	0	0	0.540 (0.212)XDDX	12.619 (2.678)XDDX	0	0	0	0	0.288 (0.0884)XDDX	0	0	0	0	0.166 (0.0429)XDDX	0	0.0857 (0.0466)XDX	-0.0644 (0.0174)XDDX	-0.0221 (0.00818)XDDX	-0.0223 (0.00616)XDDX	-0.0354 (0.00439)XDDX	0	0	0	1.153 (0.111)XDDX	-1.660 (0.276)XDDX	-0.921 (0.360)XDDX	0	0	0	0	0	0	-14.148 (5.252)XDDX	0	0	-4.618 (3.960)	-3.161 (0.688)XDDX	-8.151 (2.705)XDDX	3.825 (0.638)XDDX	0	0	0	0	0	0	0	0	0	0	0	0	0	0	0	0	0	17601	-31536.7584	-15491.31	.50879	.50839
2	9	-5.688 (0.181)XDDX	0	0	0	0	0	0	0	0	0	0	0	0	0	0	0	0	0	0	0.0436 (0.0193)XDDX	0.0432 (0.0177)XDDX	0	0	0	0	0	0	0	0	0	0	0	0	0	0	0	1.814 (1.046)XDX	0	-4.015 (2.795)	0	0	0	0	0	0	0	0	0	0	0	0	0	0	0	0	0	0	17601	-31536.7584	-15491.31	.50879	.50839
3	-1	0	0	0	0	0	0	0	0	0	0	0	0	0	0	0	0	0	0	0	0	0	0	0	0	0	0	0	0	0	0	0	0	0	0	0	0	0	0	0	0	0	0	0	0	0	0	0	0	0	0	0	0	0	0	0	0	0	20742	-33382.9612	-17871.13	.46466	.46429
3	3	-21.780 (4.095)XDDX	0	0	-0.0663 (0.0359)XDX	14.539 (4.789)XDDX	0	-0.0293 (0.00912)XDDX	0.0241 (0.00277)XDDX	0	0	0	0.210 (0.0566)XDDX	0	0	0	0	-0.0243 (0.0109)XDDX	0.0138 (0.00198)XDDX	-0.0264 (0.00183)XDDX	-0.0383 (0.00494)XDDX	-0.0422 (0.00439)XDDX	-0.0287 (0.00652)XDDX	-0.0136 (0.00223)XDDX	0	0.809 (0.0378)XDDX	-0.262 (0.0778)XDDX	-0.126 (0.0490)XDDX	0	0	0	0	0	-21.879 (17.986)	-1.446 (0.830)XDX	-3.269 (1.134)XDDX	0	-1.366 (0.314)XDDX	-1.845 (0.231)XDDX	-1.576 (0.219)XDDX	-0.776 (0.119)XDDX	0	0	0.505 (0.0635)XDDX	0	0	0	0	0.467 (0.114)XDDX	0	0	0	0	0	0	0	0	0	20742	-33382.9612	-17871.13	.46466	.46429
3	4	-25.710 (4.115)XDDX	0	0	-0.0663 (0.0359)XDX	14.539 (4.789)XDDX	0	0	0.0241 (0.00277)XDDX	0	0	0	0.210 (0.0566)XDDX	0	0	0	0	-0.0243 (0.0109)XDDX	0	-0.0186 (0.00195)XDDX	-0.0335 (0.00627)XDDX	-0.0233 (0.00508)XDDX	-0.0287 (0.00652)XDDX	-0.0136 (0.00223)XDDX	0	1.032 (0.0514)XDDX	-0.412 (0.105)XDDX	-0.168 (0.0648)XDDX	0	0	0	0	0	0	-8.124 (1.896)XDDX	-22.916 (4.809)XDDX	0	-3.485 (0.710)XDDX	-3.348 (0.410)XDDX	-3.666 (0.375)XDDX	-0.216 (0.154)	0	0	0.505 (0.0635)XDDX	0	0	0	0	0.467 (0.114)XDDX	0	0	0	0	0	0	0	0	0	20742	-33382.9612	-17871.13	.46466	.46429
3	5	-26.418 (4.30)XDDX	0	0	-0.0663 (0.0359)XDX	14.539 (4.789)XDDX	0	0	0.0241 (0.00277)XDDX	0	0.239 (0.0838)XDDX	0	0.210 (0.0566)XDDX	0	0	0	0	-0.0243 (0.0109)XDDX	-0.0459 (0.00733)XDDX	-0.0204 (0.00420)XDDX	-0.0413 (0.0146)XDDX	-0.0310 (0.0118)XDDX	-0.0287 (0.00652)XDDX	-0.0136 (0.00223)XDDX	0	0.961 (0.119)XDDX	-0.816 (0.269)XDDX	-0.291 (0.166)XDX	0	0	0	0	0	0	-8.320 (5.691)	-15.254 (9.165)XDX	0	0	-5.595 (1.604)XDDX	-11.349 (2.196)XDDX	2.534 (0.372)XDDX	0	0	0.505 (0.0635)XDDX	0	0	0	0	0.467 (0.114)XDDX	0	0	0	0	0	0	0	0	0	20742	-33382.9612	-17871.13	.46466	.46429
3	6	-26.649 (5.067)XDDX	0	0	-0.0663 (0.0359)XDX	14.539 (4.789)XDDX	0	0	0.0241 (0.00277)XDDX	0	0	0	0.210 (0.0566)XDDX	0	0	0	0	-0.0243 (0.0109)XDDX	-0.0928 (0.0203)XDDX	0	0	0	-0.0287 (0.00652)XDDX	-0.0136 (0.00223)XDDX	0	0.775 (0.238)XDDX	0	0	0	0	0	0	0	0	0	5.319 (4.867)	0	0	-8.992 (7.654)	-3.945 (2.409)	0	0	0	0.505 (0.0635)XDDX	0	0	0	0	0.467 (0.114)XDDX	0	0	0	0	0	0	0	0	0	20742	-33382.9612	-17871.13	.46466	.46429
4	-1	0	0	0	0	0	0	0	0	0	0	0	0	0	0	0	0	0	0	0	0	0	0	0	0	0	0	0	0	0	0	0	0	0	0	0	0	0	0	0	0	0	0	0	0	0	0	0	0	0	0	0	0	0	0	0	0	0	14052	-19480.2084	-11681.49	.40034	.39984
4	4	-6.50 (0.562)XDDX	0	0	-0.234 (0.0510)XDDX	0	0	0	0.0136 (0.00323)XDDX	0	0	0	0	0	0	0	0	0	-0.0101 (0.00273)XDDX	-0.0185 (0.00241)XDDX	-0.0466 (0.00560)XDDX	-0.0302 (0.00443)XDDX	-0.0262 (0.00826)XDDX	-0.0254 (0.00340)XDDX	0	0.684 (0.0487)XDDX	-0.384 (0.0759)XDDX	-0.139 (0.0507)XDDX	0	0	0	0	0	0	-6.883 (1.921)XDDX	-5.575 (2.659)XDDX	-3.897 (1.319)XDDX	-2.181 (0.667)XDDX	-3.071 (0.368)XDDX	-3.691 (0.379)XDDX	-1.320 (0.119)XDDX	0	0	0.416 (0.0857)XDDX	0	-0.609 (0.309)XDDX	0	0	0.470 (0.161)XDDX	-1.291 (1.038)	0	0	0	0	0	0	0	0	14052	-19480.2084	-11681.49	.40034	.39984
4	5	-7.749 (0.720)XDDX	0	0	-0.234 (0.0510)XDDX	0	0	0	0.0235 (0.00405)XDDX	0	0	0	0	0	0	0	0	0	-0.0221 (0.00369)XDDX	-0.0179 (0.00284)XDDX	-0.0383 (0.00692)XDDX	-0.0277 (0.00554)XDDX	0	-0.0225 (0.00434)XDDX	0	0.728 (0.0619)XDDX	-0.384 (0.0759)XDDX	-0.139 (0.0507)XDDX	0	0	0	0	0	0	-6.883 (1.921)XDDX	-5.575 (2.659)XDDX	-3.897 (1.319)XDDX	-2.181 (0.667)XDDX	-3.071 (0.368)XDDX	-3.691 (0.379)XDDX	-1.320 (0.119)XDDX	0	0	0.416 (0.0857)XDDX	0	-0.609 (0.309)XDDX	0	0	0.470 (0.161)XDDX	-1.291 (1.038)	0	0	0	0	0	0	0	0	14052	-19480.2084	-11681.49	.40034	.39984
4	6	-10.725 (2.981)XDDX	0	0	-0.234 (0.0510)XDDX	0	0	0	0.0461 (0.0162)XDDX	0	0	0	0	0	0	0	0	0	-0.0641 (0.0159)XDDX	0	0	0	0	0	0	0.583 (0.234)XDDX	-0.384 (0.0759)XDDX	-0.139 (0.0507)XDDX	0	0	0	0	0	0	-6.883 (1.921)XDDX	-5.575 (2.659)XDDX	-3.897 (1.319)XDDX	-2.181 (0.667)XDDX	-3.071 (0.368)XDDX	-3.691 (0.379)XDDX	-1.320 (0.119)XDDX	0	0	0.416 (0.0857)XDDX	0	-0.609 (0.309)XDDX	0	0	0.470 (0.161)XDDX	-1.291 (1.038)	0	0	0	0	0	0	0	0	14052	-19480.2084	-11681.49	.40034	.39984
5	-1	0	0	0	0	0	0	0	0	0	0	0	0	0	0	0	0	0	0	0	0	0	0	0	0	0	0	0	0	0	0	0	0	0	0	0	0	0	0	0	0	0	0	0	0	0	0	0	0	0	0	0	0	0	0	0	0	0	8826	-9696.3521	-6517.251	.32787	.32642
5	5	0	0	0	-0.668 (0.0792)XDDX	0	0	-0.0384 (0.0152)XDDX	0	-0.142 (0.0498)XDDX	0	0	0.365 (0.0834)XDDX	0	0	0	0	0.0377 (0.0159)XDDX	-0.0125 (0.00257)XDDX	-0.0122 (0.00295)XDDX	-0.0321 (0.00649)XDDX	-0.0227 (0.00482)XDDX	-0.0154 (0.00879)XDX	-0.0252 (0.00435)XDDX	0	0.340 (0.0344)XDDX	-0.522 (0.102)XDDX	-0.139 (0.0674)XDDX	0	0	0	0	0	0	0	-5.592 (3.676)	-7.222 (3.748)XDX	-3.391 (1.754)XDX	-2.634 (0.728)XDDX	-1.440 (0.485)XDDX	-1.284 (0.141)XDDX	0	0	1.022 (0.226)XDDX	0.965 (0.282)XDDX	-0.867 (0.467)XDX	2.129 (1.437)	0.784 (0.414)XDX	0.867 (0.294)XDDX	1.029 (0.886)	0	0	0	0	0	0	0	0	8826	-9696.3521	-6517.251	.32787	.32642
5	6	-6.210 (1.182)XDDX	0	0	0.823 (0.134)XDDX	0	0	0	0	0	0	0.522 (0.136)XDDX	0.358 (0.124)XDDX	0	0	0	0	0	-0.0271 (0.00516)XDDX	-0.0517 (0.00499)XDDX	-0.0895 (0.0120)XDDX	-0.0463 (0.00892)XDDX	-0.0289 (0.0149)XDX	-0.0315 (0.00706)XDDX	0	0.248 (0.0977)XDDX	-0.522 (0.102)XDDX	0	0	0	0	0	0	0	0	-5.592 (3.676)	-7.222 (3.748)XDX	-3.391 (1.754)XDX	-2.634 (0.728)XDDX	-1.440 (0.485)XDDX	-1.284 (0.141)XDDX	0	0	1.022 (0.226)XDDX	0.965 (0.282)XDDX	-0.867 (0.467)XDX	2.129 (1.437)	0.784 (0.414)XDX	0.867 (0.294)XDDX	1.029 (0.886)	0	0	0	0	0	0	0	0	8826	-9696.3521	-6517.251	.32787	.32642
6	-1	0	0	0	0	0	0	0	0	0	0	0	0	0	0	0	0	0	0	0	0	0	0	0	0	0	0	0	0	0	0	0	0	0	0	0	0	0	0	0	0	0	0	0	0	0	0	0	0	0	0	0	0	0	0	0	0	0	2289	-2514.7235	-1662.083	.33906	.33558
6	6	0	0	0	-0.498 (0.141)XDDX	0	0	0	0	-0.209 (0.10)XDDX	-0.231 (0.116)XDDX	0	0.432 (0.120)XDDX	0	0	0.0783 (0.0325)XDDX	0	0	0	-0.0293 (0.00540)XDDX	-0.0326 (0.0104)XDDX	-0.0232 (0.00867)XDDX	-0.0268 (0.0119)XDDX	-0.0176 (0.00782)XDDX	0	0.388 (0.0624)XDDX	-0.383 (0.193)XDDX	-0.251 (0.131)XDX	0	0	0	0	0	0	0	7.102 (6.173)	-18.119 (9.687)XDX	0	-1.319 (1.133)	0	-1.676 (0.294)XDDX	0	0	0.503 (0.212)XDDX	0	-1.813 (1.057)XDX	0	0	0.890 (0.457)XDX	1.298 (0.807)	0	0	0	0	0	0	0	0	2289	-2514.7235	-1662.083	.33906	.33558
6	7	0	0	0	0	0	0	0	0	-0.209 (0.10)XDDX	-0.231 (0.116)XDDX	0	0	0	0	0.0783 (0.0325)XDDX	0	0	0	-0.0334 (0.00341)XDDX	-0.0331 (0.0140)XDDX	0	-0.0366 (0.0244)	0	0	0	0	0	0	0	0	0	0	0	0	0	0	0	-1.319 (1.133)	0	-1.676 (0.294)XDDX	0	0	0.503 (0.212)XDDX	0	-1.813 (1.057)XDX	0	0	0.890 (0.457)XDX	1.298 (0.807)	0	0	0	0	0	0	0	0	2289	-2514.7235	-1662.083	.33906	.33558
7	-1	0	0	0	0	0	0	0	0	0	0	0	0	0	0	0	0	0	0	0	0	0	0	0	0	0	0	0	0	0	0	0	0	0	0	0	0	0	0	0	0	0	0	0	0	0	0	0	0	0	0	0	0	0	0	0	0	0	1152	-798.5056	-668.4290	.16290	.15335
7	7	-4.834 (1.488)XDDX	0	0	0	0	0	-0.243 (0.126)XDX	0	0	0	0	0	0	0	0.132 (0.0466)XDDX	0	0	-0.0401 (0.00528)XDDX	0.0106 (0.00406)XDDX	0	0	0	0	0	0.140 (0.116)	-0.492 (0.195)XDDX	0	0	0	0	0	0	0	0	-15.323 (10.714)	0	0	0	0	0.454 (0.421)	0	0	2.035 (1.094)XDX	1.750 (1.125)	2.090 (1.199)XDX	0	0	2.347 (1.157)XDDX	0	0	0	0	0	0	0	0	0	1152	-798.5056	-668.4290	.16290	.15335
8	-1	0	0	0	0	0	0	0	0	0	0	0	0	0	0	0	0	0	0	0	0	0	0	0	0	0	0	0	0	0	0	0	0	0	0	0	0	0	0	0	0	0	0	0	0	0	0	0	0	0	0	0	0	0	0	0	0	0	147	-101.8926	-72.61799	.28731	.25167
8	8	14.586 (6.307)XDDX	0	0	0	0	0	0	0.274 (0.0790)XDDX	0	0	0	0	0	0	-1.069 (0.356)XDDX	0	0	-0.0676 (0.0395)XDX	0	0	0	-0.155 (0.0609)XDDX	0	0	-1.091 (0.470)XDDX	0	0	0	0	0	0	0	0	0	0	0	0	4.910 (2.023)XDDX	0	0	0	0	0	0	0	0	0	0	0	0	0	0	0	0	0	0	0	147	-101.8926	-72.61799	.28731	.25167
9	-1	0	0	0	0	0	0	0	0	0	0	0	0	0	0	0	0	0	0	0	0	0	0	0	0	0	0	0	0	0	0	0	0	0	0	0	0	0	0	0	0	0	0	0	0	0	0	0	0	0	0	0	0	0	0	0	0	0	1557	-1710.5393	-808.6094	.52728	.52330
9	9	-5.970 (1.167)XDDX	0	0	0.408 (0.0894)XDDX	0	0	0	0	0	-0.358 (0.170)XDDX	0	0	0	0	0	0	0	0.0923 (0.0268)XDDX	-0.0128 (0.00632)XDDX	-0.131 (0.0262)XDDX	-0.0438 (0.00998)XDDX	-0.0213 (0.0107)XDDX	-0.0239 (0.00904)XDDX	0	0.424 (0.116)XDDX	-0.734 (0.204)XDDX	0	0	0	0	0	0	0	3.502 (2.456)	-3.379 (2.781)	0	0	-0.823 (0.490)XDX	-5.490 (1.461)XDDX	0	0	0	0.734 (0.176)XDDX	0	-0.915 (0.278)XDDX	0	0	0	0	0	0	0	0	0	0	0	0	1557	-1710.5393	-808.6094	.52728	.52330
9	4	-16.813 (3.861)XDDX	0	0	0.912 (0.306)XDDX	0	0	0	0	0	0	0	0	0	0	0	0	0	0	0	0	-0.111 (0.0304)XDDX	0	0	0	0.746 (0.380)XDDX	-1.294 (0.643)XDDX	0	0	0	0	0	0	0	0	0	0	0	-3.239 (2.507)	-21.960 (10.587)XDDX	1.368 (1.182)	0	0	0.955 (0.436)XDDX	0	0	0	0	0	0	0	0	0	0	0	0	0	0	1557	-1710.5393	-808.6094	.52728	.52330
10	-1	0	0	0	0	0	0	0	0	0	0	0	0	0	0	0	0	0	0	0	0	0	0	0	0	0	0	0	0	0	0	0	0	0	0	0	0	0	0	0	0	0	0	0	0	0	0	0	0	0	0	0	0	0	0	0	0	0	285	-197.5469	-156.4060	.20826	.18244
10	10	-2.995 (3.172)	0	0	-0.461 (0.327)	0	0	0	0	0	0	0	0	0	0	0	0	0	0	0	-0.0825 (0.0256)XDDX	0	0	0	0	0.496 (0.283)XDX	-1.005 (0.391)XDDX	0	0	0	0	0	0	0	0	0	0	0	0	-5.929 (4.471)	-2.260 (0.849)XDDX	0	0	0.617 (0.427)	0	1.730 (0.805)XDDX	0	0	0	0	0	0	0	0	0	0	0	0	285	-197.5469	-156.4060	.20826	.18244
11	-1	0	0	0	0	0	0	0	0	0	0	0	0	0	0	0	0	0	0	0	0	0	0	0	0	0	0	0	0	0	0	0	0	0	0	0	0	0	0	0	0	0	0	0	0	0	0	0	0	0	0	0	0	0	0	0	0	0	471	-326.4723	-251.6972	.22904	.20368
11	11	-3.034 (3.005)	0	0	-1.247 (0.276)XDDX	0	0	0	0	0	0	0	0	0	0	0	0	0.265 (0.131)XDDX	-0.0643 (0.0254)XDDX	0	0	0	-0.0207 (0.0173)	-0.0525 (0.0194)XDDX	0	0.809 (0.252)XDDX	-0.378 (0.261)	0	0	0	0	0	0	0	27.371 (15.927)XDX	0	0	0	-4.092 (3.549)	-12.108 (5.079)XDDX	-2.449 (0.724)XDDX	0	0	1.283 (0.750)XDX	0.970 (0.769)	0	0	4.826 (1.499)XDDX	0	0	0	0	0	0	0	0	0	0	471	-326.4723	-251.6972	.22904	.20368
12	-1	0	0	0	0	0	0	0	0	0	0	0	0	0	0	0	0	0	0	0	0	0	0	0	0	0	0	0	0	0	0	0	0	0	0	0	0	0	0	0	0	0	0	0	0	0	0	0	0	0	0	0	0	0	0	0	0	0					
13	-1	0	0	0	0	0	0	0	0	0	0	0	0	0	0	0	0	0	0	0	0	0	0	0	0	0	0	0	0	0	0	0	0	0	0	0	0	0	0	0	0	0	0	0	0	0	0	0	0	0	0	0	0	0	0	0	0	0					
14	-1	0	0	0	0	0	0	0	0	0	0	0	0	0	0	0	0	0	0	0	0	0	0	0	0	0	0	0	0	0	0	0	0	0	0	0	0	0	0	0	0	0	0	0	0	0	0	0	0	0	0	0	0	0	0	0	0	0					
15	-1	0	0	0	0	0	0	0	0	0	0	0	0	0	0	0	0	0	0	0	0	0	0	0	0	0	0	0	0	0	0	0	0	0	0	0	0	0	0	0	0	0	0	0	0	0	0	0	0	0	0	0	0	0	0	0	0	0					
16	-1	0	0	0	0	0	0	0	0	0	0	0	0	0	0	0	0	0	0	0	0	0	0	0	0	0	0	0	0	0	0	0	0	0	0	0	0	0	0	0	0	0	0	0	0	0	0	0	0	0	0	0	0	0	0	0	0	0					
17	-1	0	0	0	0	0	0	0	0	0	0	0	0	0	0	0	0	0	0	0	0	0	0	0	0	0	0	0	0	0	0	0	0	0	0	0	0	0	0	0	0	0	0	0	0	0	0	0	0	0	0	0	0	0	0	0	0	0	990	-1087.6262	-606.3228	.44253	.43395
17	17	-5.202 (1.614)XDDX	0	0	0	0	0	0	0	0	0	0	0	0	0	0	0	0.145 (0.0652)XDDX	-0.0597 (0.0193)XDDX	0	-0.0422 (0.0122)XDDX	-0.0166 (0.0116)	-0.0584 (0.0145)XDDX	-0.0301 (0.0113)XDDX	0	0.536 (0.130)XDDX	-0.745 (0.234)XDDX	-0.532 (0.184)XDDX	0	0	0	0	0	0	-5.70 (4.574)	-5.321 (4.396)	0	0	-2.343 (0.884)XDDX	-1.819 (1.490)	1.144 (0.543)XDDX	0	0	-0.380 (0.360)	-1.152 (0.373)XDDX	-0.561 (0.488)	0	0	-0.958 (0.763)	0	0	0	0	0	0	0	0	0	990	-1087.6262	-606.3228	.44253	.43395
17	11	-17.846 (3.718)XDDX	0	0	0.920 (0.228)XDDX	0	0	0	0	0	0	0	0	0	0	0	0	0	0	0	-0.0249 (0.0213)	0	-0.0547 (0.0254)XDDX	0	0	0.898 (0.309)XDDX	-1.60 (0.420)XDDX	-0.928 (0.323)XDDX	0	0	0	0	0	0	0	0	0	0	-4.925 (2.838)XDX	-23.342 (11.044)XDDX	1.275 (0.948)	0	0	0	-1.110 (0.354)XDDX	0	0	0	0	0	0	0	0	0	0	0	0	0	990	-1087.6262	-606.3228	.44253	.43395
18	-1	0	0	0	0	0	0	0	0	0	0	0	0	0	0	0	0	0	0	0	0	0	0	0	0	0	0	0	0	0	0	0	0	0	0	0	0	0	0	0	0	0	0	0	0	0	0	0	0	0	0	0	0	0	0	0	0	0	285	-197.5469	-116.1610	.41198	.39060
18	18	-5.019 (1.537)XDDX	0	0	0	0	0	0	0.0715 (0.0229)XDDX	0	1.480 (0.585)XDDX	0	0	0	0	0	0	0	-0.0620 (0.0355)XDX	0.0571 (0.0103)XDDX	0	0	0	0	0	0	-0.879 (0.368)XDDX	0	0	0	0	0	0	0	0	0	0	0	-11.796 (11.702)	0	0	0	0	2.031 (1.341)	1.859 (1.346)	2.597 (1.480)XDX	0	0	0	0	0	0	0	0	0	0	0	0	285	-197.5469	-116.1610	.41198	.39060
19	-1	0	0	0	0	0	0	0	0	0	0	0	0	0	0	0	0	0	0	0	0	0	0	0	0	0	0	0	0	0	0	0	0	0	0	0	0	0	0	0	0	0	0	0	0	0	0	0	0	0	0	0	0	0	0	0	0	0	150	-103.9721	-46.46365	.55311	.52119
19	19	-3.051 (1.405)XDDX	0	0	-0.427 (0.279)	0	0	0	0	0	1.603 (1.434)	0	0	0	0	0	0	-0.359 (0.247)	0.0453 (0.0422)	0.107 (0.0225)XDDX	0	0	0	0	0	0	0	0	0	0	0	0	0	0	0	0	0	0	38.748 (29.040)	-10.626 (7.819)	2.445 (1.817)	0	0	0	-1.678 (0.580)XDDX	0	0	0	0	0	0	0	0	0	0	0	0	0	150	-103.9721	-46.46365	.55311	.52119
20	-1	0	0	0	0	0	0	0	0	0	0	0	0	0	0	0	0	0	0	0	0	0	0	0	0	0	0	0	0	0	0	0	0	0	0	0	0	0	0	0	0	0	0	0	0	0	0	0	0	0	0	0	0	0	0	0	0	0	147	-101.8926	-58.43604	.42649	.40630
20	20	-0.639 (0.488)	0	0	0	0	0	0	0	0	0.472 (0.256)XDX	0	0	0	0	0	0	0	-0.0982 (0.0313)XDDX	0.0485 (0.0111)XDDX	0	0	0	0	0	0	0	0	0	0	0	0	0	0	0	0	0	0	0	-6.321 (5.516)	0	0	0	0	0	0	0	0	0	0	0	0	0	0	0	0	0	0	147	-101.8926	-58.43604	.42649	.40630
21	-1	0	0	0	0	0	0	0	0	0	0	0	0	0	0	0	0	0	0	0	0	0	0	0	0	0	0	0	0	0	0	0	0	0	0	0	0	0	0	0	0	0	0	0	0	0	0	0	0	0	0	0	0	0	0	0	0	0					
22	-1	0	0	0	0	0	0	0	0	0	0	0	0	0	0	0	0	0	0	0	0	0	0	0	0	0	0	0	0	0	0	0	0	0	0	0	0	0	0	0	0	0	0	0	0	0	0	0	0	0	0	0	0	0	0	0	0	0					
23	-1	0	0	0	0	0	0	0	0	0	0	0	0	0	0	0	0	0	0	0	0	0	0	0	0	0	0	0	0	0	0	0	0	0	0	0	0	0	0	0	0	0	0	0	0	0	0	0	0	0	0	0	0	0	0	0	0	0	699	-484.5099	-204.1819	.57858	.56934
23	23	-3.555 (0.574)XDDX	0	0	0.432 (0.0652)XDDX	0	0	0	0	0	0	0	0	0	0	0	0	-0.0991 (0.0802)	0	0	0.0522 (0.0356)	-0.0720 (0.0267)XDDX	0	0	0	0	-0.819 (0.377)XDDX	0	0	0	0	0	0	-8.047 (7.240)	0	-35.058 (18.552)XDX	0	-4.488 (1.266)XDDX	-3.370 (1.584)XDDX	-2.381 (0.437)XDDX	0	0	0	3.478 (0.555)XDDX	2.671 (0.674)XDDX	2.626 (0.648)XDDX	0	0	1.444 (0.713)XDDX	0	0	0	0	0	0	0	0	0	699	-484.5099	-204.1819	.57858	.56934
24	-1	0	0	0	0	0	0	0	0	0	0	0	0	0	0	0	0	0	0	0	0	0	0	0	0	0	0	0	0	0	0	0	0	0	0	0	0	0	0	0	0	0	0	0	0	0	0	0	0	0	0	0	0	0	0	0	0	0	16323	-40561.1312	-19931.15	.50861	.50837
24	24	0	0	0	0	0	0	0	0	0	0	0	0	0	0	0	0	0	0	0	0	0	0	0	0	0	0	0	0	0	0	0	0	0	0	0	0	0	0	0	0	0	0	0	0	0	0	0	0	0	0	0	0	0	0	0	0	0	16323	-40561.1312	-19931.15	.50861	.50837
24	1	-12.680 (0.444)XDDX	0	0	0	3.495 (0.30)XDDX	0	0	0	-0.0732 (0.0431)XDX	0.121 (0.0547)XDDX	0	0	0	0	0	0	0	0	0.0233 (0.00159)XDDX	-0.0125 (0.00651)XDX	-0.0389 (0.00837)XDDX	-0.0541 (0.0119)XDDX	0	0	0.717 (0.0335)XDDX	-0.499 (0.136)XDDX	0	0	0	0	0	0	-4.630 (2.142)XDDX	0	-1.668 (0.667)XDDX	0	-1.565 (0.215)XDDX	-2.542 (0.184)XDDX	0	2.464 (0.209)XDDX	0	0	0.975 (0.0802)XDDX	0	-0.893 (0.182)XDDX	0	0	0.616 (0.172)XDDX	-1.143 (0.445)XDDX	0	0	0	0	0	0	0	0	16323	-40561.1312	-19931.15	.50861	.50837
24	2	-20.875 (0.641)XDDX	0	0	0.169 (0.0401)XDDX	3.495 (0.30)XDDX	0	0	0	-0.0732 (0.0431)XDX	0.121 (0.0547)XDDX	0	0	0	0	0	0	0	0	0.0131 (0.00248)XDDX	-0.0125 (0.00651)XDX	-0.0509 (0.00884)XDDX	-0.0456 (0.0119)XDDX	0	0	1.331 (0.0524)XDDX	-0.970 (0.178)XDDX	0	0	0	0	0	0	-4.630 (2.142)XDDX	0	-1.668 (0.667)XDDX	0	-1.565 (0.215)XDDX	-2.542 (0.184)XDDX	0	2.464 (0.209)XDDX	0	0	0.975 (0.0802)XDDX	0	-0.893 (0.182)XDDX	0	0	0.616 (0.172)XDDX	-1.143 (0.445)XDDX	0	0	0	0	0	0	0	0	16323	-40561.1312	-19931.15	.50861	.50837
24	3	-25.948 (0.879)XDDX	0	0	0.267 (0.0534)XDDX	3.495 (0.30)XDDX	0	0	0	-0.0732 (0.0431)XDX	0.121 (0.0547)XDDX	0	0	0	0	0.0601 (0.0231)XDDX	0	0	0	0.00909 (0.00299)XDDX	-0.0125 (0.00651)XDX	-0.0679 (0.0109)XDDX	-0.0369 (0.0134)XDDX	0	0	1.661 (0.0723)XDDX	-1.219 (0.243)XDDX	0	0	0	0	0	0	-4.630 (2.142)XDDX	0	-1.668 (0.667)XDDX	0	-1.565 (0.215)XDDX	-2.542 (0.184)XDDX	0	2.464 (0.209)XDDX	0	0	0.975 (0.0802)XDDX	0	-0.893 (0.182)XDDX	0	0	0.616 (0.172)XDDX	-1.143 (0.445)XDDX	0	0	0	0	0	0	0	0	16323	-40561.1312	-19931.15	.50861	.50837
24	4	-28.078 (1.358)XDDX	0	0	0.371 (0.0623)XDDX	3.495 (0.30)XDDX	0	0	0	-0.0732 (0.0431)XDX	0.121 (0.0547)XDDX	0	0	0	0	0.0601 (0.0231)XDDX	0	0	0	0	-0.0125 (0.00651)XDX	-0.0679 (0.0151)XDDX	-0.0308 (0.0150)XDDX	0	0	1.738 (0.114)XDDX	-0.732 (0.307)XDDX	0	0	0	0	0	0	-4.630 (2.142)XDDX	0	-1.668 (0.667)XDDX	0	-1.565 (0.215)XDDX	-2.542 (0.184)XDDX	0	2.464 (0.209)XDDX	0	0	0.975 (0.0802)XDDX	0	-0.893 (0.182)XDDX	0	0	0.616 (0.172)XDDX	-1.143 (0.445)XDDX	0	0	0	0	0	0	0	0	16323	-40561.1312	-19931.15	.50861	.50837
24	5	-27.077 (1.758)XDDX	0	0	0.474 (0.0875)XDDX	3.495 (0.30)XDDX	0	0	0	-0.0732 (0.0431)XDX	0.121 (0.0547)XDDX	0	0	0	0	0.132 (0.0556)XDDX	0	0	0	0	-0.0125 (0.00651)XDX	-0.0647 (0.0198)XDDX	-0.0308 (0.0150)XDDX	0	0	1.557 (0.149)XDDX	-0.913 (0.435)XDDX	0	0	0	0	0	0	-4.630 (2.142)XDDX	0	-1.668 (0.667)XDDX	0	-1.565 (0.215)XDDX	-2.542 (0.184)XDDX	0	2.464 (0.209)XDDX	0	0	0.975 (0.0802)XDDX	0	-0.893 (0.182)XDDX	0	0	0.616 (0.172)XDDX	-1.143 (0.445)XDDX	0	0	0	0	0	0	0	0	16323	-40561.1312	-19931.15	.50861	.50837
24	7	-23.022 (2.329)XDDX	0	0	1.647 (0.162)XDDX	3.495 (0.30)XDDX	0	0	0	-0.0732 (0.0431)XDX	0.121 (0.0547)XDDX	0	0	0	0	0.216 (0.0848)XDDX	0	0	0	-0.030 (0.00818)XDDX	-0.0125 (0.00651)XDX	0	-0.0603 (0.0368)	0	0	0.747 (0.202)XDDX	0	0	0	0	0	0	0	-4.630 (2.142)XDDX	0	-1.668 (0.667)XDDX	0	-1.565 (0.215)XDDX	-2.542 (0.184)XDDX	0	2.464 (0.209)XDDX	0	0	0.975 (0.0802)XDDX	0	-0.893 (0.182)XDDX	0	0	0.616 (0.172)XDDX	-1.143 (0.445)XDDX	0	0	0	0	0	0	0	0	16323	-40561.1312	-19931.15	.50861	.50837
24	9	-10.004 (0.689)XDDX	0	0	0	2.994 (0.538)XDDX	0	0	0	0	0	0	0	0	0	0.293 (0.0415)XDDX	0	0	0	0	0.0838 (0.00648)XDDX	0.0388 (0.00790)XDDX	0	-0.0526 (0.0102)XDDX	0	0.385 (0.0472)XDDX	1.033 (0.176)XDDX	0	0	0	0	0	0	0	0	-2.313 (1.345)XDX	0	-1.565 (0.215)XDDX	-2.580 (0.686)XDDX	0	-1.830 (0.558)XDDX	0	0	0	0	0.551 (0.145)XDDX	0	0	0	0	0	0	0	0	0	0	0	0	16323	-40561.1312	-19931.15	.50861	.50837
24	17	-16.502 (1.988)XDDX	0	0	0.263 (0.0739)XDDX	1.794 (0.699)XDDX	0	0	0.120 (0.0241)XDDX	0	0	0	0	0	0	-0.376 (0.147)XDDX	0	0	0	0	0.0984 (0.0110)XDDX	0	0	-0.0317 (0.0163)XDX	0	0.631 (0.147)XDDX	1.074 (0.264)XDDX	0	0	0	0	0	0	0	0	0	0	-1.565 (0.215)XDDX	0	-6.194 (3.556)XDX	0	0	0	2.280 (1.024)XDDX	3.786 (1.031)XDDX	3.576 (1.030)XDDX	0	0	0	0	0	0	0	0	0	0	0	0	16323	-40561.1312	-19931.15	.50861	.50837
24	20	-21.011 (1.746)XDDX	0	0	0.450 (0.0901)XDDX	1.794 (0.699)XDDX	0	0	0.0953 (0.0104)XDDX	0	0.591 (0.0824)XDDX	0	0	0	0	0	0	0	0	-0.0896 (0.0184)XDDX	0.0521 (0.0127)XDDX	0	0	-0.0713 (0.0172)XDDX	0	1.105 (0.139)XDDX	0	0	0	0	0	0	0	0	0	0	0	0	0	0	0	0	0	0	2.311 (0.599)XDDX	4.001 (0.487)XDDX	0	0	0	0	0	0	0	0	0	0	0	0	16323	-40561.1312	-19931.15	.50861	.50837
24	21	-21.481 (1.748)XDDX	0	0	0.450 (0.0901)XDDX	1.794 (0.699)XDDX	0	0	0.0953 (0.0104)XDDX	0	0.591 (0.0824)XDDX	0	0	0	0	0	0	0	0	-0.0896 (0.0184)XDDX	0.0521 (0.0127)XDDX	0	0	-0.0713 (0.0172)XDDX	0	1.105 (0.139)XDDX	0	0	0	0	0	0	0	0	0	0	0	0	0	0	0	0	0	0	2.311 (0.599)XDDX	4.001 (0.487)XDDX	0	0	0	0	0	0	0	0	0	0	0	0	16323	-40561.1312	-19931.15	.50861	.50837
25	-1	0	0	0	0	0	0	0	0	0	0	0	0	0	0	0	0	0	0	0	0	0	0	0	0	0	0	0	0	0	0	0	0	0	0	0	0	0	0	0	0	0	0	0	0	0	0	0	0	0	0	0	0	0	0	0	0	0					
