#Constant	R1	R2	R3	R4	R5	R6	R7	R8	M1	M2	M3	M4	M5	M6	M7	M8	C1	C2	C3	I1	I2	I3	GV	P0	P1	P2	P3	P4	P5	P6	P7	P8	P9	P10	LGLVAL	IMPVAL	LGIVAL	LGUNIT	LGSQFT	LGUNIT6	LGSQFT6	LGEMP6	LGAVU6	LGAVL6	LGACCP	LGACCE	LGPCTD	LGPCTR	LGPCTM	LGPCTC	LGPCTI	LGPCTG	HWY1	LGHWY	WETLAND	UGB	STREAM	SLOPE	FLOOD	LRVACAN	PartialWaterPct	PartialRiparianPct	PartialFloodPct	PartialWetlandPct	PartialSlopePct	PartialOpenPct	PartialPublicPct	PartialRoadsPct
-6.911227795	-.7491462611E-01	.2313647479	.3720922861	.4839542677	.4331360532	.2585842003	-.1138437340	-.3052727118	0	.2470498904	.2552758730	.2194407107	.4167813305	0	0	.6138669155	.4382629971	.7384180397	.9456770184	.3065525691	.3026147615	.6272487225	.1112765494	0	-.2018163074	.5234362589	.7289365376	.5966072010	1.068569218	.5797266717	.5024932547	1.658765037	0	0	0	0	.7005955766E-01	.2468134212	0	.1581047891	0	.7265462639E-01	0	0	2.988968165	-1.812222689	0	0	-.2167856678E-01	.1682116735E-01	.5719955268E-01	.6855182201E-01	.9244087236E-01	.4108562056E-01	0	0	0	0	0	0	-.5120192457	-.8899485673	-.6072406053	-.9290138925	-1.375179904	.5156433993	-.4397677379	-.2314714675
